Resolving dependencies...
Downloading packages...
  _fe_analyzer_shared 67.0.0 (108.0.0 available)
  analyzer 6.4.1 (14.4.0 available)
  analyzer_plugin 0.11.3 (0.14.17 available)
  app_links 6.4.1 (7.2.1 available)
  archive 4.0.9 (4.3.0 available)
  build 2.4.1 (4.0.11 available)
  build_config 1.1.2 (1.3.3 available)
  build_daemon 4.1.2 (4.1.6 available)
  build_resolvers 2.4.2 (3.0.4 available)
  build_runner 2.4.13 (2.16.1 available)
  build_runner_core 7.3.2 (9.3.2 available)
  built_collection 5.1.1 (5.1.2 available)
  built_value 8.12.6 (8.13.0 available)
  cached_network_image 3.4.1 (4.0.2 available)
  cached_network_image_platform_interface 4.1.1 (5.0.2 available)
  cached_network_image_web 1.3.1 (2.0.2 available)
  cli_util 0.4.2 (0.6.0 available)
  clock 1.1.2 (1.1.3 available)
  code_assets 1.2.1 (2.1.0 available)
  code_builder 4.11.1 (4.12.0 available)
  cross_file 0.3.5+4 (0.4.0 available)
  cupertino_ui 1.0.2 (1.1.1 available)
  custom_lint 0.6.4 (0.8.1 available)
  custom_lint_builder 0.6.4 (0.8.1 available)
  custom_lint_core 0.6.3 (0.8.2 available)
  dart_style 2.3.6 (3.1.13 available)
  dbus 0.7.15 (0.8.0 available)
  device_info_plus 11.5.0 (13.2.0 available)
  device_info_plus_platform_interface 7.0.3 (8.1.0 available)
  file_picker 8.3.7 (13.1.0 available)
  flutter_cache_manager 3.4.1 (3.4.5 available)
  flutter_local_notifications 18.0.1 (22.3.1 available)
  flutter_local_notifications_linux 5.0.0 (8.0.1 available)
  flutter_local_notifications_platform_interface 8.0.0 (12.2.0 available)
  flutter_markdown 0.7.7+1 (discontinued replaced by flutter_markdown_plus)
  flutter_riverpod 2.6.1 (3.4.3 available)
  flutter_rust_bridge 2.11.1 (2.13.0 available)
  freezed 2.5.2 (4.0.2 available)
  freezed_annotation 2.4.4 (3.1.0 available)
  glob 2.1.3 (2.2.0 available)
  hooks 2.0.2 (2.2.0 available)
  html 0.15.6 (0.15.7 available)
  intl 0.20.2 (0.20.3 available)
  io 1.0.5 (1.1.0 available)
  jni 1.0.0 (1.0.3 available)
  jni_flutter 1.0.1 (1.0.3 available)
  json_annotation 4.9.0 (4.12.0 available)
  json_serializable 6.8.0 (6.14.1 available)
  matcher 0.12.19 (0.12.20 available)
  material_color_utilities 0.13.0 (0.13.1 available)
  material_ui 1.1.1 (1.5.0 available)
  meta 1.18.0 (1.19.0 available)
  mime 2.0.0 (2.1.0 available)
  mobile_scanner 7.4.0 (7.4.2 available)
  objective_c 9.4.1 (9.6.0 available)
  octo_image 2.1.0 (2.1.1 available)
  package_config 2.2.0 (3.0.0 available)
  package_info_plus 9.0.1 (10.2.1 available)
  package_info_plus_platform_interface 3.2.1 (4.1.0 available)
  palette_generator 0.3.3+7 (discontinued)
  petitparser 7.0.2 (7.1.0 available)
  platform 3.1.6 (3.2.0 available)
  pool 1.5.2 (1.5.3 available)
  process 5.0.5 (5.0.6 available)
  pub_semver 2.2.0 (2.2.1 available)
  pubspec_parse 1.5.0 (1.6.0 available)
  qr 3.0.2 (4.0.0 available)
  record_use 0.6.0 (1.1.1 available)
  riverpod 2.6.1 (3.4.3 available)
  riverpod_analyzer_utils 0.5.1 (0.5.10 available)
  riverpod_annotation 2.6.1 (4.0.7 available)
  riverpod_generator 2.4.0 (4.0.9 available)
  riverpod_lint 2.3.10 (3.1.9 available)
  rxdart 0.27.7 (0.28.0 available)
  saf 2.1.0 (2.1.2 available)
  share_plus 10.1.4 (13.3.0 available)
  share_plus_platform_interface 5.0.2 (7.2.0 available)
  shared_preferences_android 2.4.23 (2.4.28 available)
  shared_preferences_foundation 2.5.6 (2.5.7 available)
  shelf_web_socket 2.0.1 (3.0.0 available)
  source_gen 1.5.0 (4.3.0 available)
  source_helper 1.3.5 (1.3.13 available)
  sqflite 2.4.2+1 (2.4.4 available)
  sqflite_android 2.4.2+3 (2.4.4 available)
  sqflite_common 2.5.8 (2.5.13 available)
  sqflite_darwin 2.4.2 (2.4.4 available)
  sqflite_platform_interface 2.4.0 (2.4.2 available)
  stack_trace 1.12.1 (1.12.2 available)
  stream_transform 2.1.1 (2.1.2 available)
  synchronized 3.4.0+1 (3.4.2 available)
  test_api 0.7.11 (0.7.14 available)
  timezone 0.10.1 (0.11.1 available)
  url_launcher_android 6.3.30 (6.3.33 available)
  url_launcher_ios 6.4.1 (6.4.2 available)
  url_launcher_linux 3.2.2 (3.2.3 available)
  url_launcher_macos 3.2.5 (3.2.6 available)
  url_launcher_windows 3.1.5 (3.1.6 available)
  vector_graphics 1.2.2 (1.2.3 available)
  vector_math 2.2.0 (2.4.3 available)
  video_player 2.11.1 (2.14.0 available)
  video_player_android 2.9.5 (2.12.2 available)
  video_player_avfoundation 2.11.0 (2.12.0 available)
  vm_service 15.2.0 (15.3.0 available)
  webdriver 3.1.0 (3.2.0 available)
  webview_flutter_android 4.12.0 (4.14.1 available)
  webview_flutter_wkwebview 3.25.1 (3.26.1 available)
  win32 5.15.0 (6.4.0 available)
  win32_registry 2.1.0 (3.0.3 available)
  xml 7.0.1 (7.1.0 available)
  yaml 3.1.3 (3.1.4 available)
Got dependencies!
2 packages are discontinued.
108 packages have newer versions incompatible with dependency constraints.
Try `flutter pub outdated` for more information.
Running Gradle task 'assembleDebug'...                             22.3s
√ Built build\app\outputs\flutter-apk\app-debug.apk
